// Jest Snapshot v1, https://goo.gl/fbAQLP

exports[`message-aligner component  renders correctly to the left 1`] = `"<div style=\\"display: flex; justify-content: flex-end;\\"><div>Child component on the left side</div></div>"`;

exports[`message-aligner component  renders correctly to the right 1`] = `"<div style=\\"display: flex; justify-content: flex-end;\\"><div>Child component on the left side</div></div>"`;
