// Jest Snapshot v1, https://goo.gl/fbAQLP

exports[`messaging-module-socket and nodejs-socketio-text-chat positive testing client sever connection established with required params 1`] = `
<div>
  <div
    style="height: 96vh; width: 100%;"
  >
    <div
      name="msgViewScroller"
      style="background-color: rgb(237, 239, 242); overflow: auto; width: 100%; height: 100%;"
    >
      <div>
        <div
          style="display: flex;"
        >
          <div
            style="flex: 1;"
          >
            <hr />
          </div>
          <div>
            6/15/2015
          </div>
          <div
            style="flex: 1;"
          >
            <hr />
          </div>
        </div>
        <div
          style="display: flex; justify-content: flex-start;"
        >
          <div
            style="display: flex; align-items: center;"
          >
            <div
              style="height: 30px; width: 40px; padding: 3px; border-radius: 30px; border-style: solid; border-width: 2px; display: flex; justify-content: center; align-items: center; color: rgb(0, 150, 136); border-color: #80cbc4;"
            >
              <div>
                D
              </div>
            </div>
            <div
              style="background-color: rgb(255, 236, 179); padding: 5px; margin: 2px; border-radius: 15px; border-color: #9e9e9e; border-style: solid; border-width: 2px; max-width: 100%; word-wrap: break-word; word-break: break-all; min-width: 30%;"
            >
              <div>
                Hello My Dear
              </div>
              <div
                style="font-size: 10px; padding-top: 2px; text-align: end;"
              >
                <i
                  style="background-color: rgb(239, 235, 233);"
                >
                  3:12:05 AM
                </i>
              </div>
            </div>
          </div>
        </div>
      </div>
    </div>
    <div
      style="display: flex;"
    >
      <input
        data-testid="message1"
        name="message"
        placeholder="Enter message text"
        style="flex: 1;"
        type="text"
      />
      <div
        style="display: flex;"
      >
        <button
          data-testid="sendMessage1"
          disabled=""
          style="margin-left: 2px; width: 100%;"
        >
          <svg
            height="24"
            viewBox="0 0 24 24"
            width="24"
            xmlns="http://www.w3.org/2000/svg"
          >
            <path
              d="M2.01 21L23 12 2.01 3 2 10l15 2-15 2z"
            />
            <path
              d="M0 0h24v24H0z"
              fill="none"
            />
          </svg>
        </button>
      </div>
    </div>
  </div>
</div>
`;
