// Jest Snapshot v1, https://goo.gl/fbAQLP

exports[`MessageEditorDisplayer component Should render correctly 1`] = `
"function MessageEditorDisplayer(_ref) {
  var onMessageChange = _ref.onMessageChange,
      message = _ref.message,
      sendMessage = _ref.sendMessage,
      _ref$id = _ref.id,
      id = _ref$id === void 0 ? 0 : _ref$id,
      disabled = _ref.disabled;
  return (0, _preact.h)(&quot;div&quot;, {
    style: {
      display: 'flex'
    }
  }, (0, _preact.h)(&quot;input&quot;, {
    style: {
      flex: 1
    },
    &quot;data-testid&quot;: &quot;message&quot;.concat(id),
    onInput: onMessageChange,
    value: message,
    name: &quot;message&quot;,
    type: &quot;text&quot;,
    placeholder: &quot;Enter message text&quot;
  }), (0, _preact.h)(&quot;div&quot;, {
    style: {
      display: 'flex'
    }
  }, (0, _preact.h)(&quot;button&quot;, {
    &quot;data-testid&quot;: &quot;sendMessage&quot;.concat(id),
    disabled: message === '' || disabled,
    style: {
      marginLeft: 2,
      width: '100%'
    },
    onClick: sendMessage
  }, (0, _preact.h)(&quot;svg&quot;, {
    xmlns: &quot;http://www.w3.org/2000/svg&quot;,
    width: &quot;24&quot;,
    height: &quot;24&quot;,
    viewBox: &quot;0 0 24 24&quot;
  }, (0, _preact.h)(&quot;path&quot;, {
    d: &quot;M2.01 21L23 12 2.01 3 2 10l15 2-15 2z&quot;
  }), (0, _preact.h)(&quot;path&quot;, {
    d: &quot;M0 0h24v24H0z&quot;,
    fill: &quot;none&quot;
  })))));
}"
`;
