// Jest Snapshot v1, https://goo.gl/fbAQLP

exports[`MessageEditorDisplayer component Should render correctly 1`] = `
<div
  className="input-group"
  style={Object {}}
>
  <input
    className="form-control"
    data-testid="message0"
    name="message"
    onKeyDown={[Function]}
    placeholder="Enter message text"
    type="text"
  />
  <div
    className="input-group-append"
  >
    <button
      className="btn btn-secondary"
      data-testid="sendMessage0"
      disabled={false}
      style={
        Object {
          "marginLeft": 2,
        }
      }
    >
      Send
    </button>
  </div>
</div>
`;
