// Jest Snapshot v1, https://goo.gl/fbAQLP

exports[`MessageView snapshot test renders correctly 1`] = `
<div
  style={
    Object {
      "backgroundColor": undefined,
      "borderColor": "#9E9E9E",
      "borderRadius": 15,
      "borderStyle": "solid",
      "borderWidth": 2,
      "margin": 2,
      "maxWidth": "100%",
      "minWidth": "30%",
      "padding": 5,
      "wordBreak": "break-all",
      "wordWrap": "break-word",
    }
  }
>
  <div>
    hello from subsequent message
  </div>
  <div
    style={
      Object {
        "fontSize": 10,
        "paddingTop": 2,
        "textAlign": "end",
      }
    }
  >
    <i
      style={
        Object {
          "backgroundColor": "#efebe9",
        }
      }
    >
      11:46:00 AM
    </i>
  </div>
</div>
`;
