// Jest Snapshot v1, https://goo.gl/fbAQLP

exports[`SNAPSHOT TEST MessageObjectMapper MessageObjectMapper renders correctly 1`] = `
<div>
  <div
    style={
      Object {
        "display": "flex",
      }
    }
  >
    <div
      style={
        Object {
          "flex": "1",
        }
      }
    >
      <hr />
    </div>
    <div>
      9/25/2019
    </div>
    <div
      style={
        Object {
          "flex": 1,
        }
      }
    >
      <hr />
    </div>
  </div>
  <div
    style={
      Object {
        "display": "flex",
        "justifyContent": "flex-end",
      }
    }
  >
    <div
      style={
        Object {
          "alignItems": "center",
          "display": "flex",
        }
      }
    >
      <div
        style={
          Object {
            "backgroundColor": "#FFECB3",
            "borderColor": "#9E9E9E",
            "borderRadius": 15,
            "borderStyle": "solid",
            "borderWidth": 2,
            "margin": 2,
            "maxWidth": "100%",
            "minWidth": "30%",
            "padding": 5,
            "wordBreak": "break-all",
            "wordWrap": "break-word",
          }
        }
      >
        <div>
          hello
        </div>
        <div
          style={
            Object {
              "fontSize": 10,
              "paddingTop": 2,
              "textAlign": "end",
            }
          }
        >
          <i
            style={
              Object {
                "backgroundColor": "#efebe9",
              }
            }
          >
            11:46:00 AM
          </i>
        </div>
      </div>
    </div>
  </div>
</div>
`;
